1
1234
0
1234
0
1234
0
123456789
1
1234
0
1234
1
1234
1
123456789
1
1234
0
1234
1
123456789
0
1234
1
1234
0
123456789
1
1234
0
1234
0
123456789
0
1234
1
1234
0
123456789
1
1234
0
1234
1
123456789
0
1234
1
1234
1
123456789
ret 0
