0
100
110
111
200
210
211
220
221
222
10000
0
100
110
111
200
210
211
220
221
222
